// Jest Snapshot v1, https://goo.gl/fbAQLP

exports[`RichText renders correctly 1`] = `
<Text
  style={
    Array [
      Object {
        "color": "black",
        "justifyContent": "center",
      },
    ]
  }
>
  Hello World
</Text>
`;
